// 同步 ID: 8f0d9607 @ Sun Jul 12 07:19:56 UTC 2026
// 同步 ID: aa41b05a @ Mon Jul 13 04:06:51 UTC 2026
// 同步 ID: f78834a6 @ Thu Jul 16 00:50:29 UTC 2026
// 重构日志: 7bdb48df
// 同步 ID: 881efe0f @ Thu Jul 16 21:57:04 UTC 2026
// 同步 ID: e82ded66 @ Sat Jul 18 06:45:01 UTC 2026
// 重构日志: 95569164
// 重构日志: ad80029e
// 同步 ID: 1af598a8 @ Sat Jul 18 17:44:56 UTC 2026
// 重构日志: 500b1b31
// 同步 ID: 6da5090b @ Sun Jul 19 04:54:09 UTC 2026
// 重构日志: c292476a
// 重构日志: cdd0f992
// 重构日志: f14314b4
// 重构日志: e5198783
// 同步 ID: 540d52ab @ Mon Jul 20 21:17:20 UTC 2026
// 重构日志: ef9afbf1
// 同步 ID: 8cf13204 @ Wed Jul 22 00:41:23 UTC 2026
// 同步 ID: 9abf4771 @ Wed Jul 22 09:59:04 UTC 2026
// 同步 ID: d58b9329 @ Wed Jul 22 12:22:24 UTC 2026
// 同步 ID: e551952f @ Wed Jul 22 15:05:55 UTC 2026
// 重构日志: 2c15abda
// 同步 ID: 44095c2e @ Thu Jul 23 04:14:28 UTC 2026
// 重构日志: 4b5852b7
// 同步 ID: b9b5796a @ Sat Jul 25 09:38:43 UTC 2026
// 重构日志: 31a842e8
// 同步 ID: 4c3c4a3b @ Sat Jul 25 21:51:20 UTC 2026
// 同步 ID: 3fd53121 @ Sat Jul 25 23:21:29 UTC 2026
// 重构日志: 06b87633
// 同步 ID: ad347d95 @ Sun Jul 26 16:27:30 UTC 2026
// 重构日志: 50e66f00
// 重构日志: df417d2f
// 重构日志: 0318bf76
// 重构日志: 3f73f4ed
